EN timer_preset NULL D:/GitHub/ISE_Tutorial/wtut_vhd/wtut_vhd/wtut_vhd/ipcore_dir/timer_preset.vhd sub00/vhpl00 1500620513
EN time_cnt NULL D:/GitHub/ISE_Tutorial/wtut_vhd/wtut_vhd/time_cnt.vhd sub00/vhpl10 1500620523
AR time_cnt time_cnt_arch D:/GitHub/ISE_Tutorial/wtut_vhd/wtut_vhd/time_cnt.vhd sub00/vhpl11 1500620524
EN debounce NULL D:/GitHub/ISE_Tutorial/wtut_vhd/wtut_vhd/wtut_vhd/debounce.vhd sub00/vhpl08 1500620521
EN lcd_control NULL D:/GitHub/ISE_Tutorial/wtut_vhd/wtut_vhd/lcd_control.vhd sub00/vhpl06 1500620519
AR clk_div_262k divide D:/GitHub/ISE_Tutorial/wtut_vhd/wtut_vhd/clk_div_262k.vhd sub00/vhpl05 1500620518
AR statmach behavior D:/GitHub/ISE_Tutorial/wtut_vhd/wtut_vhd/statmach.vhd sub00/vhpl13 1500620526
AR lcd_control lcd_control_arch D:/GitHub/ISE_Tutorial/wtut_vhd/wtut_vhd/lcd_control.vhd sub00/vhpl07 1500620520
AR stopwatch stopwatch_arch D:/GitHub/ISE_Tutorial/wtut_vhd/wtut_vhd/stopwatch.vhd sub00/vhpl15 1500620528
EN dcm1 NULL D:/GitHub/ISE_Tutorial/wtut_vhd/wtut_vhd/wtut_vhd/dcm1.vhd sub00/vhpl02 1500620515
AR timer_preset timer_preset_a D:/GitHub/ISE_Tutorial/wtut_vhd/wtut_vhd/wtut_vhd/ipcore_dir/timer_preset.vhd sub00/vhpl01 1500620514
AR debounce behavioral D:/GitHub/ISE_Tutorial/wtut_vhd/wtut_vhd/wtut_vhd/debounce.vhd sub00/vhpl09 1500620522
AR dcm1 behavioral D:/GitHub/ISE_Tutorial/wtut_vhd/wtut_vhd/wtut_vhd/dcm1.vhd sub00/vhpl03 1500620516
EN clk_div_262k NULL D:/GitHub/ISE_Tutorial/wtut_vhd/wtut_vhd/clk_div_262k.vhd sub00/vhpl04 1500620517
EN statmach NULL D:/GitHub/ISE_Tutorial/wtut_vhd/wtut_vhd/statmach.vhd sub00/vhpl12 1500620525
EN stopwatch NULL D:/GitHub/ISE_Tutorial/wtut_vhd/wtut_vhd/stopwatch.vhd sub00/vhpl14 1500620527
