EN timer_preset NULL D:/GitHub/ISE_Tutorial/wtut_vhd/wtut_vhd/wtut_vhd/ipcore_dir/timer_preset.vhd sub00/vhpl00 1500628410
EN time_cnt NULL D:/GitHub/ISE_Tutorial/wtut_vhd/wtut_vhd/time_cnt.vhd sub00/vhpl10 1500628420
AR time_cnt time_cnt_arch D:/GitHub/ISE_Tutorial/wtut_vhd/wtut_vhd/time_cnt.vhd sub00/vhpl11 1500628421
EN debounce NULL D:/GitHub/ISE_Tutorial/wtut_vhd/wtut_vhd/wtut_vhd/debounce.vhd sub00/vhpl08 1500628418
EN lcd_control NULL D:/GitHub/ISE_Tutorial/wtut_vhd/wtut_vhd/lcd_control.vhd sub00/vhpl06 1500628416
AR clk_div_262k divide D:/GitHub/ISE_Tutorial/wtut_vhd/wtut_vhd/clk_div_262k.vhd sub00/vhpl05 1500628415
AR statmach behavior D:/GitHub/ISE_Tutorial/wtut_vhd/wtut_vhd/statmach.vhd sub00/vhpl13 1500628423
AR lcd_control lcd_control_arch D:/GitHub/ISE_Tutorial/wtut_vhd/wtut_vhd/lcd_control.vhd sub00/vhpl07 1500628417
AR stopwatch stopwatch_arch D:/GitHub/ISE_Tutorial/wtut_vhd/wtut_vhd/stopwatch.vhd sub00/vhpl15 1500628425
EN dcm1 NULL D:/GitHub/ISE_Tutorial/wtut_vhd/wtut_vhd/wtut_vhd/dcm1.vhd sub00/vhpl02 1500628412
AR timer_preset timer_preset_a D:/GitHub/ISE_Tutorial/wtut_vhd/wtut_vhd/wtut_vhd/ipcore_dir/timer_preset.vhd sub00/vhpl01 1500628411
AR debounce behavioral D:/GitHub/ISE_Tutorial/wtut_vhd/wtut_vhd/wtut_vhd/debounce.vhd sub00/vhpl09 1500628419
AR dcm1 behavioral D:/GitHub/ISE_Tutorial/wtut_vhd/wtut_vhd/wtut_vhd/dcm1.vhd sub00/vhpl03 1500628413
EN clk_div_262k NULL D:/GitHub/ISE_Tutorial/wtut_vhd/wtut_vhd/clk_div_262k.vhd sub00/vhpl04 1500628414
EN statmach NULL D:/GitHub/ISE_Tutorial/wtut_vhd/wtut_vhd/statmach.vhd sub00/vhpl12 1500628422
EN stopwatch NULL D:/GitHub/ISE_Tutorial/wtut_vhd/wtut_vhd/stopwatch.vhd sub00/vhpl14 1500628424
