V3 35
FL D:/GitHub/ISE_Tutorial/wtut_vhd/wtut_vhd/clk_div_262k.vhd 2007/03/02.12:05:46 P.20131013
EN work/clk_div_262k 1500620517 \
      FL D:/GitHub/ISE_Tutorial/wtut_vhd/wtut_vhd/clk_div_262k.vhd \
      PB ieee/std_logic_1164 1381692176 PB ieee/NUMERIC_STD 1381692181 LB UNISIM \
      PH unisim/VCOMPONENTS 1381692182
AR work/clk_div_262k/divide 1500620518 \
      FL D:/GitHub/ISE_Tutorial/wtut_vhd/wtut_vhd/clk_div_262k.vhd \
      EN work/clk_div_262k 1500620517
FL D:/GitHub/ISE_Tutorial/wtut_vhd/wtut_vhd/lcd_control.vhd 2007/03/02.15:09:46 P.20131013
EN work/lcd_control 1500620519 \
      FL D:/GitHub/ISE_Tutorial/wtut_vhd/wtut_vhd/lcd_control.vhd \
      PB ieee/std_logic_1164 1381692176 PB ieee/std_logic_arith 1381692177 \
      PB ieee/STD_LOGIC_UNSIGNED 1381692179
AR work/lcd_control/lcd_control_arch 1500620520 \
      FL D:/GitHub/ISE_Tutorial/wtut_vhd/wtut_vhd/lcd_control.vhd \
      EN work/lcd_control 1500620519
FL D:/GitHub/ISE_Tutorial/wtut_vhd/wtut_vhd/statmach.vhd 2007/03/05.09:50:48 P.20131013
EN work/statmach 1500620525 \
      FL D:/GitHub/ISE_Tutorial/wtut_vhd/wtut_vhd/statmach.vhd \
      PB ieee/std_logic_1164 1381692176
AR work/statmach/behavior 1500620526 \
      FL D:/GitHub/ISE_Tutorial/wtut_vhd/wtut_vhd/statmach.vhd EN work/statmach 1500620525
FL D:/GitHub/ISE_Tutorial/wtut_vhd/wtut_vhd/stopwatch.vhd 2017/07/15.10:05:33 P.20131013
EN work/stopwatch 1500620527 \
      FL D:/GitHub/ISE_Tutorial/wtut_vhd/wtut_vhd/stopwatch.vhd \
      PB ieee/std_logic_1164 1381692176 PB ieee/STD_LOGIC_UNSIGNED 1381692179
AR work/stopwatch/stopwatch_arch 1500620528 \
      FL D:/GitHub/ISE_Tutorial/wtut_vhd/wtut_vhd/stopwatch.vhd EN work/stopwatch 1500620527 \
      CP timer_preset CP dcm1 CP clk_div_262k CP lcd_control CP debounce CP time_cnt \
      CP statmach
FL D:/GitHub/ISE_Tutorial/wtut_vhd/wtut_vhd/time_cnt.vhd 2017/05/22.15:15:49 P.20131013
EN work/time_cnt 1500620523 \
      FL D:/GitHub/ISE_Tutorial/wtut_vhd/wtut_vhd/time_cnt.vhd \
      PB ieee/std_logic_1164 1381692176 PB ieee/STD_LOGIC_UNSIGNED 1381692179
AR work/time_cnt/time_cnt_arch 1500620524 \
      FL D:/GitHub/ISE_Tutorial/wtut_vhd/wtut_vhd/time_cnt.vhd EN work/time_cnt 1500620523
FL D:/GitHub/ISE_Tutorial/wtut_vhd/wtut_vhd/wtut_vhd/dcm1.vhd 2017/07/21.15:01:36 P.20131013
EN work/dcm1 1500620515 \
      FL D:/GitHub/ISE_Tutorial/wtut_vhd/wtut_vhd/wtut_vhd/dcm1.vhd \
      PB ieee/std_logic_1164 1381692176 PB ieee/NUMERIC_STD 1381692181 LB UNISIM \
      PH unisim/VCOMPONENTS 1381692182
AR work/dcm1/BEHAVIORAL 1500620516 \
      FL D:/GitHub/ISE_Tutorial/wtut_vhd/wtut_vhd/wtut_vhd/dcm1.vhd EN work/dcm1 1500620515 \
      CP BUFG CP IBUFG CP DCM_SP
FL D:/GitHub/ISE_Tutorial/wtut_vhd/wtut_vhd/wtut_vhd/debounce.vhd 2017/07/14.10:46:51 P.20131013
EN work/debounce 1500620521 \
      FL D:/GitHub/ISE_Tutorial/wtut_vhd/wtut_vhd/wtut_vhd/debounce.vhd \
      PB ieee/std_logic_1164 1381692176
AR work/debounce/Behavioral 1500620522 \
      FL D:/GitHub/ISE_Tutorial/wtut_vhd/wtut_vhd/wtut_vhd/debounce.vhd \
      EN work/debounce 1500620521
FL D:/GitHub/ISE_Tutorial/wtut_vhd/wtut_vhd/wtut_vhd/ipcore_dir/timer_preset.vhd 2017/07/14.11:25:08 P.20131013
EN work/timer_preset 1500620513 \
      FL D:/GitHub/ISE_Tutorial/wtut_vhd/wtut_vhd/wtut_vhd/ipcore_dir/timer_preset.vhd \
      PB ieee/std_logic_1164 1381692176
AR work/timer_preset/timer_preset_a 1500620514 \
      FL D:/GitHub/ISE_Tutorial/wtut_vhd/wtut_vhd/wtut_vhd/ipcore_dir/timer_preset.vhd \
      EN work/timer_preset 1500620513
