--------------------------------------------------------------------------------
Release 14.7 Trace  (nt64)
Copyright (c) 1995-2013 Xilinx, Inc.  All rights reserved.

C:\Xilinx\14.7\ISE_DS\ISE\bin\nt64\unwrapped\trce.exe -intstyle ise -v 3 -s 4
-n 3 -fastpaths -xml ink_jet_ecoder.twx ink_jet_ecoder.ncd -o
ink_jet_ecoder.twr ink_jet_ecoder.pcf

Design file:              ink_jet_ecoder.ncd
Physical constraint file: ink_jet_ecoder.pcf
Device,package,speed:     xc3s700a,fg484,-4 (PRODUCTION 1.42 2013-10-13)
Report level:             verbose report

Environment Variable      Effect 
--------------------      ------ 
NONE                      No environment variables were set
--------------------------------------------------------------------------------

INFO:Timing:2698 - No timing constraints found, doing default enumeration.
INFO:Timing:3412 - To improve timing, see the Timing Closure User Guide (UG612).
INFO:Timing:2752 - To get complete path coverage, use the unconstrained paths 
   option. All paths that are not constrained will be reported in the 
   unconstrained paths section(s) of the report.
INFO:Timing:3339 - The clock-to-out numbers in this timing report are based on 
   a 50 Ohm transmission line loading model.  For the details of this model, 
   and for more information on accounting for different loading conditions, 
   please see the device datasheet.
INFO:Timing:3390 - This architecture does not support a default System Jitter 
   value, please add SYSTEM_JITTER constraint to the UCF to modify the Clock 
   Uncertainty calculation.
INFO:Timing:3389 - This architecture does not support 'Discrete Jitter' and 
   'Phase Error' calculations, these terms will be zero in the Clock 
   Uncertainty calculation.  Please make appropriate modification to 
   SYSTEM_JITTER to account for the unsupported Discrete Jitter and Phase 
   Error.



Data Sheet report:
-----------------
All values displayed in nanoseconds (ns)

Pad to Pad
---------------+---------------+---------+
Source Pad     |Destination Pad|  Delay  |
---------------+---------------+---------+
color0         |black          |    6.391|
color0         |cyan           |    6.568|
color0         |light_cyan     |    7.538|
color0         |light_megenta  |    7.081|
color0         |megenta        |    6.805|
color0         |yellow         |    6.305|
color1         |black          |    6.675|
color1         |cyan           |    6.661|
color1         |light_cyan     |    6.907|
color1         |light_megenta  |    6.662|
color1         |megenta        |    6.889|
color1         |yellow         |    6.377|
color2         |black          |    7.241|
color2         |cyan           |    7.338|
color2         |light_cyan     |    6.839|
color2         |light_megenta  |    6.573|
color2         |megenta        |    7.612|
color2         |yellow         |    6.578|
---------------+---------------+---------+


Analysis completed Fri Jul 28 09:40:16 2017 
--------------------------------------------------------------------------------

Trace Settings:
-------------------------
Trace Settings 

Peak Memory Usage: 198 MB



